<html>
<body>
<pre>
<h1>µVision Build Log</h1>
<h2>Tool Versions:</h2>
IDE-Version: ¦ÌVision V5.43.1.0
Copyright (C) 2025 ARM Ltd and ARM Germany GmbH. All rights reserved.
License Information: 1 fuzhuoyun21464@163.com, 1, LIC=21E4T-RAR3F-SBZEJ-U8ZEW-DNA0F-38AIP
 
Tool Versions:
Toolchain:       MDK-ARM Plus  Version: 5.43.0.0
Toolchain Path:  D:\Engineering\Embedded\keil_5_ARM\ARM\ARMCLANG\Bin
C Compiler:      ArmClang.exe V6.24
Assembler:       Armasm.exe V6.24
Linker/Locator:  ArmLink.exe V6.24
Library Manager: ArmAr.exe V6.24
Hex Converter:   FromElf.exe V6.24
CPU DLL:         SARMCM3.DLL V5.43.0.0
Dialog DLL:      DCM.DLL V1.17.5.0
Target DLL:      STLink\ST-LINKIII-KEIL_SWO.dll V3.3.1.0
Dialog DLL:      TCM.DLL V1.56.6.0
 
<h2>Project:</h2>
D:\Development\Projects\stm32\trackcar gpt\project.uvprojx
Project File Date:  06/28/2026

<h2>Output:</h2>
*** Using Compiler 'V6.24', folder: 'D:\Engineering\Embedded\keil_5_ARM\ARM\ARMCLANG\Bin'
Rebuild target 'Target_1'
compiling system_stm32f10x.c...
compiling misc.c...
compiling stm32f10x_exti.c...
assembling startup_stm32f10x_md.s...
compiling stm32f10x_dma.c...
compiling stm32f10x_crc.c...
compiling stm32f10x_bkp.c...
compiling stm32f10x_cec.c...
compiling stm32f10x_dbgmcu.c...
compiling stm32f10x_dac.c...
compiling stm32f10x_adc.c...
compiling stm32f10x_fsmc.c...
compiling stm32f10x_can.c...
compiling stm32f10x_iwdg.c...
compiling stm32f10x_gpio.c...
compiling stm32f10x_flash.c...
compiling stm32f10x_i2c.c...
compiling stm32f10x_pwr.c...
compiling stm32f10x_rcc.c...
compiling stm32f10x_rtc.c...
compiling stm32f10x_wwdg.c...
compiling stm32f10x_sdio.c...
compiling stm32f10x_spi.c...
compiling stm32f10x_usart.c...
compiling main.c...
compiling stm32f10x_it.c...
compiling app_robot.c...
compiling app_vision_target.c...
compiling bsp_encoder.c...
compiling stm32f10x_tim.c...
compiling app_line_follow.c...
compiling bsp_pwm.c...
compiling bsp_gpio.c...
compiling bsp_servo.c...
compiling bsp_systick.c...
compiling chassis.c...
compiling pid.c...
compiling gimbal_servo.c...
compiling bsp_uart.c...
compiling yahboom_tracker8_io.c...
compiling vision_protocol.c...
compiling tb6612_motor.c...
linking...
Program Size: Code=9900 RO-data=476 RW-data=8 ZI-data=1304  
FromELF: creating hex file...
".\Objects\project.axf" - 0 Error(s), 0 Warning(s).

<h2>Software Packages used:</h2>

Package Vendor: Keil
                https://www.keil.com/pack/Keil.STM32F1xx_DFP.2.4.1.pack
                Keil::STM32F1xx_DFP@2.4.1
                STMicroelectronics STM32F1 Series Device Support, Drivers and Examples

<h2>Collection of Component include folders:</h2>
  D:/Engineering/Embedded/ArmPacks/Keil/STM32F1xx_DFP/2.4.1/Device/Include

<h2>Collection of Component Files used:</h2>
Build Time Elapsed:  00:00:01
</pre>
</body>
</html>
